\BOOKMARK [1][-]{Doc-Start}{\376\377\000I\000n\000d\000e\000x}{}% 1
\BOOKMARK [1][-]{Doc-Start}{\376\377\000A\000b\000s\000t\000r\000a\000c\000t}{}% 2
\BOOKMARK [1][-]{Doc-Start}{\376\377\000N\000o\000m\000e\000n\000c\000l\000a\000t\000u\000r\000e}{}% 3
\BOOKMARK [1][-]{section.1}{\376\377\000I\000n\000t\000r\000o\000d\000u\000c\000t\000i\000o\000n}{}% 4
\BOOKMARK [2][-]{subsection.1.1}{\376\377\000B\000a\000c\000k\000g\000r\000o\000u\000n\000d}{section.1}% 5
\BOOKMARK [2][-]{subsection.1.2}{\376\377\000P\000r\000o\000b\000l\000e\000m\000\040\000S\000t\000a\000t\000e\000m\000e\000n\000t}{section.1}% 6
\BOOKMARK [2][-]{subsection.1.3}{\376\377\000O\000b\000j\000e\000c\000t\000i\000v\000e\000s}{section.1}% 7
\BOOKMARK [2][-]{subsection.1.4}{\376\377\000S\000c\000o\000p\000e\000\040\000o\000f\000\040\000t\000h\000e\000\040\000S\000t\000u\000d\000y}{section.1}% 8
\BOOKMARK [2][-]{subsection.1.5}{\376\377\000R\000e\000s\000e\000a\000r\000c\000h\000\040\000Q\000u\000e\000s\000t\000i\000o\000n\000s}{section.1}% 9
\BOOKMARK [2][-]{subsection.1.6}{\376\377\000O\000r\000g\000a\000n\000i\000z\000a\000t\000i\000o\000n\000\040\000o\000f\000\040\000t\000h\000e\000\040\000W\000o\000r\000k}{section.1}% 10
\BOOKMARK [1][-]{section.2}{\376\377\000D\000a\000t\000a\000,\000\040\000A\000s\000s\000u\000m\000p\000t\000i\000o\000n\000s\000,\000\040\000a\000n\000d\000\040\000E\000v\000a\000l\000u\000a\000t\000i\000o\000n\000\040\000C\000r\000i\000t\000e\000r\000i\000a}{}% 11
\BOOKMARK [2][-]{subsection.2.1}{\376\377\000D\000a\000t\000a\000\040\000C\000h\000a\000n\000n\000e\000l\000s\000\040\000U\000s\000e\000d\000\040\000i\000n\000\040\000t\000h\000e\000\040\000S\000t\000u\000d\000y}{section.2}% 12
\BOOKMARK [2][-]{subsection.2.2}{\376\377\000C\000o\000o\000r\000d\000i\000n\000a\000t\000e\000\040\000C\000o\000n\000v\000e\000n\000t\000i\000o\000n}{section.2}% 13
\BOOKMARK [2][-]{subsection.2.3}{\376\377\000M\000o\000d\000e\000l\000\040\000A\000s\000s\000u\000m\000p\000t\000i\000o\000n\000s}{section.2}% 14
\BOOKMARK [2][-]{subsection.2.4}{\376\377\000G\000o\000o\000d\000n\000e\000s\000s\000-\000o\000f\000-\000F\000i\000t\000\040\000M\000e\000a\000s\000u\000r\000e\000s}{section.2}% 15
\BOOKMARK [2][-]{subsection.2.5}{\376\377\000I\000n\000t\000e\000r\000p\000r\000e\000t\000i\000v\000e\000\040\000C\000r\000i\000t\000e\000r\000i\000a}{section.2}% 16
\BOOKMARK [1][-]{section.3}{\376\377\000G\000e\000o\000p\000h\000y\000s\000i\000c\000a\000l\000\040\000B\000a\000s\000i\000s\000\040\000o\000f\000\040\000t\000h\000e\000\040\000S\000t\000u\000d\000y}{}% 17
\BOOKMARK [2][-]{subsection.3.1}{\376\377\000G\000r\000a\000v\000i\000t\000y\000\040\000A\000n\000o\000m\000a\000l\000y\000\040\000a\000n\000d\000\040\000D\000e\000n\000s\000i\000t\000y\000\040\000C\000o\000n\000t\000r\000a\000s\000t}{section.3}% 18
\BOOKMARK [2][-]{subsection.3.2}{\376\377\000R\000e\000g\000i\000o\000n\000a\000l\000\040\000a\000n\000d\000\040\000R\000e\000s\000i\000d\000u\000a\000l\000\040\000G\000r\000a\000v\000i\000t\000y}{section.3}% 19
\BOOKMARK [2][-]{subsection.3.3}{\376\377\000R\000a\000d\000i\000o\000m\000e\000t\000r\000i\000c\000\040\000R\000e\000s\000p\000o\000n\000s\000e}{section.3}% 20
\BOOKMARK [2][-]{subsection.3.4}{\376\377\000J\000o\000i\000n\000t\000\040\000I\000n\000v\000e\000r\000s\000i\000o\000n}{section.3}% 21
\BOOKMARK [2][-]{subsection.3.5}{\376\377\000N\000o\000n\000-\000U\000n\000i\000q\000u\000e\000n\000e\000s\000s\000\040\000a\000n\000d\000\040\000P\000a\000r\000a\000m\000e\000t\000e\000r\000\040\000T\000r\000a\000d\000e\000-\000O\000f\000f\000s}{section.3}% 22
\BOOKMARK [2][-]{subsection.3.6}{\376\377\000R\000o\000l\000e\000\040\000o\000f\000\040\000G\000e\000o\000l\000o\000g\000i\000c\000a\000l\000\040\000R\000e\000g\000u\000l\000a\000r\000i\000z\000a\000t\000i\000o\000n}{section.3}% 23
\BOOKMARK [2][-]{subsection.3.7}{\376\377\000M\000e\000a\000n\000i\000n\000g\000\040\000o\000f\000\040\000E\000f\000f\000e\000c\000t\000i\000v\000e\000\040\000D\000e\000n\000s\000i\000t\000y\000\040\000C\000o\000n\000t\000r\000a\000s\000t}{section.3}% 24
\BOOKMARK [1][-]{section.4}{\376\377\000Q\000u\000a\000n\000t\000u\000m\000\040\000a\000n\000d\000\040\000C\000o\000m\000p\000u\000t\000a\000t\000i\000o\000n\000a\000l\000\040\000F\000r\000a\000m\000e\000w\000o\000r\000k}{}% 25
\BOOKMARK [2][-]{subsection.4.1}{\376\377\000M\000o\000t\000i\000v\000a\000t\000i\000o\000n\000\040\000f\000o\000r\000\040\000Q\000u\000a\000n\000t\000u\000m\000\040\000M\000e\000t\000h\000o\000d\000s}{section.4}% 26
\BOOKMARK [2][-]{subsection.4.2}{\376\377\000B\000a\000s\000i\000c\000\040\000Q\000u\000a\000n\000t\000u\000m\000-\000C\000i\000r\000c\000u\000i\000t\000\040\000E\000l\000e\000m\000e\000n\000t\000s}{section.4}% 27
\BOOKMARK [2][-]{subsection.4.3}{\376\377\000W\000h\000y\000\040\000Q\000u\000a\000n\000t\000u\000m\000\040\000F\000e\000a\000t\000u\000r\000e\000\040\000M\000a\000p\000s\000\040\000a\000r\000e\000\040\000U\000s\000e\000f\000u\000l}{section.4}% 28
\BOOKMARK [2][-]{subsection.4.4}{\376\377\000Q\000u\000a\000n\000t\000u\000m\000\040\000F\000e\000a\000t\000u\000r\000e\000-\000M\000a\000p\000\040\000R\000e\000g\000r\000e\000s\000s\000i\000o\000n}{section.4}% 29
\BOOKMARK [2][-]{subsection.4.5}{\376\377\000R\000e\000g\000r\000e\000s\000s\000i\000o\000n\000\040\000A\000l\000g\000o\000r\000i\000t\000h\000m\000\040\000U\000s\000e\000d\000\040\000i\000n\000\040\000S\000t\000a\000g\000e\000\040\0000}{section.4}% 30
\BOOKMARK [2][-]{subsection.4.6}{\376\377\000V\000a\000r\000i\000a\000t\000i\000o\000n\000a\000l\000\040\000Q\000u\000a\000n\000t\000u\000m\000\040\000P\000a\000r\000a\000m\000e\000t\000e\000r\000i\000z\000a\000t\000i\000o\000n}{section.4}% 31
\BOOKMARK [2][-]{subsection.4.7}{\376\377\000H\000y\000b\000r\000i\000d\000\040\000Q\000u\000a\000n\000t\000u\000m\000-\000C\000l\000a\000s\000s\000i\000c\000a\000l\000\040\000I\000n\000v\000e\000r\000s\000i\000o\000n\000\040\000L\000o\000o\000p}{section.4}% 32
\BOOKMARK [2][-]{subsection.4.8}{\376\377\000O\000p\000t\000i\000m\000i\000z\000a\000t\000i\000o\000n\000\040\000a\000n\000d\000\040\000U\000n\000c\000e\000r\000t\000a\000i\000n\000t\000y}{section.4}% 33
\BOOKMARK [2][-]{subsection.4.9}{\376\377\000C\000l\000a\000s\000s\000i\000c\000a\000l\000\040\000S\000i\000m\000u\000l\000a\000t\000i\000o\000n\000\040\000o\000f\000\040\000Q\000u\000a\000n\000t\000u\000m\000\040\000C\000i\000r\000c\000u\000i\000t\000s}{section.4}% 34
\BOOKMARK [1][-]{section.5}{\376\377\000S\000t\000a\000g\000e\000\040\0000\000:\000\040\000Q\000u\000a\000n\000t\000u\000m\000\040\000R\000e\000g\000r\000e\000s\000s\000i\000o\000n}{}% 35
\BOOKMARK [2][-]{subsection.5.1}{\376\377\000P\000u\000r\000p\000o\000s\000e\000\040\000o\000f\000\040\000t\000h\000e\000\040\000R\000e\000g\000r\000e\000s\000s\000i\000o\000n\000\040\000S\000t\000a\000g\000e}{section.5}% 36
\BOOKMARK [2][-]{subsection.5.2}{\376\377\000Q\000u\000a\000n\000t\000u\000m\000\040\000L\000i\000n\000e\000a\000r\000\040\000R\000e\000g\000r\000e\000s\000s\000i\000o\000n}{section.5}% 37
\BOOKMARK [2][-]{subsection.5.3}{\376\377\000Q\000u\000a\000n\000t\000u\000m\000\040\000C\000u\000b\000i\000c\000\040\000R\000e\000g\000r\000e\000s\000s\000i\000o\000n}{section.5}% 38
\BOOKMARK [2][-]{subsection.5.4}{\376\377\000I\000n\000t\000e\000r\000p\000r\000e\000t\000a\000t\000i\000o\000n\000\040\000o\000f\000\040\000S\000t\000a\000g\000e\000\040\0000}{section.5}% 39
\BOOKMARK [1][-]{section.6}{\376\377\000S\000t\000a\000g\000e\000\040\0001\000:\000\040\000S\000y\000n\000t\000h\000e\000t\000i\000c\000\040\000M\000o\000d\000e\000l\000\040\000T\000r\000a\000i\000n\000i\000n\000g\000\040\000a\000n\000d\000\040\000F\000o\000r\000w\000a\000r\000d\000\040\000M\000o\000d\000e\000l\000i\000n\000g}{}% 40
\BOOKMARK [2][-]{subsection.6.1}{\376\377\000S\000y\000n\000t\000h\000e\000t\000i\000c\000\040\000G\000e\000o\000l\000o\000g\000i\000c\000a\000l\000\040\000M\000o\000d\000e\000l}{section.6}% 41
\BOOKMARK [2][-]{subsection.6.2}{\376\377\000F\000o\000r\000w\000a\000r\000d\000\040\000M\000o\000d\000e\000l\000i\000n\000g\000\040\000P\000r\000o\000c\000e\000d\000u\000r\000e}{section.6}% 42
\BOOKMARK [2][-]{subsection.6.3}{\376\377\000S\000y\000n\000t\000h\000e\000t\000i\000c\000\040\000G\000r\000a\000v\000i\000t\000y\000\040\000C\000o\000n\000s\000t\000r\000u\000c\000t\000i\000o\000n}{section.6}% 43
\BOOKMARK [2][-]{subsection.6.4}{\376\377\000S\000y\000n\000t\000h\000e\000t\000i\000c\000\040\000R\000a\000d\000i\000o\000m\000e\000t\000r\000i\000c\000\040\000C\000o\000n\000s\000t\000r\000u\000c\000t\000i\000o\000n}{section.6}% 44
\BOOKMARK [2][-]{subsection.6.5}{\376\377\000I\000n\000v\000e\000r\000s\000i\000o\000n\000\040\000P\000a\000r\000a\000m\000e\000t\000e\000r\000s\000\040\000a\000n\000d\000\040\000Q\000u\000a\000n\000t\000u\000m\000\040\000D\000e\000c\000o\000d\000i\000n\000g}{section.6}% 45
\BOOKMARK [2][-]{subsection.6.6}{\376\377\000I\000n\000t\000e\000r\000p\000r\000e\000t\000a\000t\000i\000o\000n\000\040\000o\000f\000\040\000S\000t\000a\000g\000e\000\040\0001}{section.6}% 46
\BOOKMARK [2][-]{subsection.6.7}{\376\377\000L\000e\000s\000s\000o\000n\000s\000\040\000f\000r\000o\000m\000\040\000t\000h\000e\000\040\000S\000y\000n\000t\000h\000e\000t\000i\000c\000\040\000S\000t\000a\000g\000e}{section.6}% 47
\BOOKMARK [1][-]{section.7}{\376\377\000S\000t\000a\000g\000e\000\040\0002\000:\000\040\000R\000e\000a\000l\000-\000D\000a\000t\000a\000\040\000T\000e\000s\000t\000i\000n\000g\000\040\000o\000n\000\040\000a\000\040\0001\0000\000\040\000k\000m\000\040\000W\000i\000n\000d\000o\000w}{}% 48
\BOOKMARK [2][-]{subsection.7.1}{\376\377\000R\000e\000a\000s\000o\000n\000\040\000f\000o\000r\000\040\000C\000a\000l\000i\000b\000r\000a\000t\000i\000o\000n}{section.7}% 49
\BOOKMARK [2][-]{subsection.7.2}{\376\377\000P\000r\000e\000p\000r\000o\000c\000e\000s\000s\000i\000n\000g\000\040\000o\000f\000\040\000t\000h\000e\000\040\000F\000i\000e\000l\000d\000\040\000P\000r\000o\000f\000i\000l\000e}{section.7}% 50
\BOOKMARK [2][-]{subsection.7.3}{\376\377\000W\000i\000n\000d\000o\000w\000\040\000S\000e\000l\000e\000c\000t\000i\000o\000n\000\040\000S\000t\000r\000a\000t\000e\000g\000y}{section.7}% 51
\BOOKMARK [2][-]{subsection.7.4}{\376\377\000R\000e\000c\000o\000v\000e\000r\000e\000d\000\040\0001\0000\000\040\000k\000m\000\040\000G\000e\000o\000l\000o\000g\000i\000c\000a\000l\000\040\000M\000o\000d\000e\000l}{section.7}% 52
\BOOKMARK [2][-]{subsection.7.5}{\376\377\000R\000e\000a\000l\000-\000D\000a\000t\000a\000\040\000C\000a\000l\000i\000b\000r\000a\000t\000i\000o\000n\000\040\000P\000a\000r\000a\000m\000e\000t\000e\000r\000s}{section.7}% 53
\BOOKMARK [2][-]{subsection.7.6}{\376\377\000G\000r\000a\000v\000i\000t\000y\000\040\000a\000n\000d\000\040\000R\000a\000d\000i\000o\000m\000e\000t\000r\000i\000c\000\040\000F\000i\000t}{section.7}% 54
\BOOKMARK [2][-]{subsection.7.7}{\376\377\000I\000n\000t\000e\000r\000p\000r\000e\000t\000a\000t\000i\000o\000n\000\040\000o\000f\000\040\000S\000t\000a\000g\000e\000\040\0002}{section.7}% 55
\BOOKMARK [2][-]{subsection.7.8}{\376\377\000R\000e\000l\000i\000a\000b\000i\000l\000i\000t\000y\000\040\000o\000f\000\040\000t\000h\000e\000\040\0001\0000\000\040\000k\000m\000\040\000R\000e\000s\000u\000l\000t}{section.7}% 56
\BOOKMARK [1][-]{section.8}{\376\377\000S\000t\000a\000g\000e\000\040\0003\000:\000\040\000F\000u\000l\000l\000\040\0003\0000\000\040\000k\000m\000\040\000P\000r\000o\000f\000i\000l\000e\000\040\000T\000h\000r\000o\000u\000g\000h\000\040\000T\000h\000r\000e\000e\000-\000W\000i\000n\000d\000o\000w\000\040\000S\000t\000i\000t\000c\000h\000i\000n\000g}{}% 57
\BOOKMARK [2][-]{subsection.8.1}{\376\377\000N\000e\000e\000d\000\040\000f\000o\000r\000\040\000W\000i\000n\000d\000o\000w\000-\000B\000a\000s\000e\000d\000\040\000E\000x\000t\000e\000n\000s\000i\000o\000n}{section.8}% 58
\BOOKMARK [2][-]{subsection.8.2}{\376\377\000R\000e\000a\000s\000o\000n\000\040\000f\000o\000r\000\040\000U\000s\000i\000n\000g\000\040\000T\000h\000r\000e\000e\000\040\000E\000q\000u\000a\000l\000\040\000W\000i\000n\000d\000o\000w\000s}{section.8}% 59
\BOOKMARK [2][-]{subsection.8.3}{\376\377\000S\000t\000i\000t\000c\000h\000e\000d\000\040\000G\000e\000o\000l\000o\000g\000i\000c\000a\000l\000\040\000I\000n\000t\000e\000r\000p\000r\000e\000t\000a\000t\000i\000o\000n}{section.8}% 60
\BOOKMARK [2][-]{subsection.8.4}{\376\377\000U\000n\000i\000f\000i\000e\000d\000\040\000D\000a\000t\000a\000\040\000F\000i\000t}{section.8}% 61
\BOOKMARK [2][-]{subsection.8.5}{\376\377\000I\000n\000t\000e\000r\000p\000r\000e\000t\000a\000t\000i\000o\000n\000\040\000o\000f\000\040\000S\000t\000a\000g\000e\000\040\0003}{section.8}% 62
\BOOKMARK [2][-]{subsection.8.6}{\376\377\000S\000h\000o\000r\000t\000c\000o\000m\000i\000n\000g\000s\000\040\000o\000f\000\040\000t\000h\000e\000\040\000S\000t\000i\000t\000c\000h\000e\000d\000\040\000A\000p\000p\000r\000o\000a\000c\000h}{section.8}% 63
\BOOKMARK [1][-]{section.9}{\376\377\000C\000o\000m\000p\000u\000t\000a\000t\000i\000o\000n\000a\000l\000\040\000I\000m\000p\000l\000e\000m\000e\000n\000t\000a\000t\000i\000o\000n}{}% 64
\BOOKMARK [2][-]{subsection.9.1}{\376\377\000P\000r\000o\000j\000e\000c\000t\000\040\000S\000t\000r\000u\000c\000t\000u\000r\000e}{section.9}% 65
\BOOKMARK [2][-]{subsection.9.2}{\376\377\000E\000x\000e\000c\000u\000t\000i\000o\000n\000\040\000o\000n\000\040\000P\000a\000r\000a\000m\000\040\000S\000h\000a\000k\000t\000i}{section.9}% 66
\BOOKMARK [1][-]{section.10}{\376\377\000D\000i\000s\000c\000u\000s\000s\000i\000o\000n}{}% 67
\BOOKMARK [2][-]{subsection.10.1}{\376\377\000G\000e\000o\000p\000h\000y\000s\000i\000c\000a\000l\000\040\000S\000i\000g\000n\000i\000f\000i\000c\000a\000n\000c\000e}{section.10}% 68
\BOOKMARK [2][-]{subsection.10.2}{\376\377\000Q\000u\000a\000n\000t\000u\000m\000\040\000S\000i\000g\000n\000i\000f\000i\000c\000a\000n\000c\000e}{section.10}% 69
\BOOKMARK [2][-]{subsection.10.3}{\376\377\000L\000i\000m\000i\000t\000a\000t\000i\000o\000n\000s}{section.10}% 70
\BOOKMARK [2][-]{subsection.10.4}{\376\377\000P\000o\000s\000s\000i\000b\000l\000e\000\040\000F\000u\000t\000u\000r\000e\000\040\000W\000o\000r\000k}{section.10}% 71
\BOOKMARK [1][-]{section.11}{\376\377\000C\000o\000n\000c\000l\000u\000s\000i\000o\000n}{}% 72
\BOOKMARK [1][-]{appendix.A}{\376\377\000D\000e\000t\000a\000i\000l\000e\000d\000\040\000M\000e\000t\000h\000o\000d\000o\000l\000o\000g\000i\000c\000a\000l\000\040\000N\000o\000t\000e\000s}{}% 73
\BOOKMARK [2][-]{subsection.A.1}{\376\377\000F\000o\000r\000w\000a\000r\000d\000-\000M\000o\000d\000e\000l\000\040\000C\000o\000n\000s\000t\000r\000u\000c\000t\000i\000o\000n}{appendix.A}% 74
\BOOKMARK [2][-]{subsection.A.2}{\376\377\000O\000b\000j\000e\000c\000t\000i\000v\000e\000\040\000F\000u\000n\000c\000t\000i\000o\000n\000\040\000D\000e\000s\000i\000g\000n}{appendix.A}% 75
\BOOKMARK [2][-]{subsection.A.3}{\376\377\000M\000o\000n\000t\000e\000\040\000C\000a\000r\000l\000o\000\040\000U\000n\000c\000e\000r\000t\000a\000i\000n\000t\000y}{appendix.A}% 76
\BOOKMARK [1][-]{appendix.B}{\376\377\000A\000l\000g\000o\000r\000i\000t\000h\000m\000i\000c\000\040\000W\000o\000r\000k\000f\000l\000o\000w\000s}{}% 77
\BOOKMARK [2][-]{subsection.B.1}{\376\377\000S\000t\000a\000g\000e\000\040\0000\000\040\000R\000e\000g\000r\000e\000s\000s\000i\000o\000n\000\040\000W\000o\000r\000k\000f\000l\000o\000w}{appendix.B}% 78
\BOOKMARK [2][-]{subsection.B.2}{\376\377\000S\000t\000a\000g\000e\000\040\0001\000\040\000S\000y\000n\000t\000h\000e\000t\000i\000c\000\040\000I\000n\000v\000e\000r\000s\000i\000o\000n\000\040\000W\000o\000r\000k\000f\000l\000o\000w}{appendix.B}% 79
\BOOKMARK [2][-]{subsection.B.3}{\376\377\000S\000t\000a\000g\000e\000\040\0002\000\040\000R\000e\000a\000l\000-\000D\000a\000t\000a\000\040\0001\0000\000\040\000k\000m\000\040\000W\000o\000r\000k\000f\000l\000o\000w}{appendix.B}% 80
\BOOKMARK [2][-]{subsection.B.4}{\376\377\000S\000t\000a\000g\000e\000\040\0003\000\040\000F\000u\000l\000l\000-\000P\000r\000o\000f\000i\000l\000e\000\040\000W\000o\000r\000k\000f\000l\000o\000w}{appendix.B}% 81
\BOOKMARK [1][-]{appendix.C}{\376\377\000I\000n\000t\000e\000r\000p\000r\000e\000t\000a\000t\000i\000o\000n\000\040\000G\000u\000i\000d\000e\000\040\000f\000o\000r\000\040\000t\000h\000e\000\040\000R\000e\000s\000u\000l\000t\000\040\000F\000i\000g\000u\000r\000e\000s}{}% 82
\BOOKMARK [2][-]{subsection.C.1}{\376\377\000R\000e\000a\000d\000i\000n\000g\000\040\000t\000h\000e\000\040\000G\000e\000o\000l\000o\000g\000i\000c\000a\000l\000\040\000S\000e\000c\000t\000i\000o\000n\000s}{appendix.C}% 83
\BOOKMARK [2][-]{subsection.C.2}{\376\377\000R\000e\000a\000d\000i\000n\000g\000\040\000t\000h\000e\000\040\000G\000r\000a\000v\000i\000t\000y\000\040\000F\000i\000t\000s}{appendix.C}% 84
\BOOKMARK [2][-]{subsection.C.3}{\376\377\000R\000e\000a\000d\000i\000n\000g\000\040\000t\000h\000e\000\040\000R\000a\000d\000i\000o\000m\000e\000t\000r\000i\000c\000\040\000F\000i\000t\000s}{appendix.C}% 85
\BOOKMARK [1][-]{appendix.D}{\376\377\000R\000e\000p\000r\000o\000d\000u\000c\000i\000b\000i\000l\000i\000t\000y\000\040\000N\000o\000t\000e\000s}{}% 86
\BOOKMARK [2][-]{subsection.D.1}{\376\377\000S\000o\000f\000t\000w\000a\000r\000e\000\040\000O\000r\000g\000a\000n\000i\000z\000a\000t\000i\000o\000n}{appendix.D}% 87
\BOOKMARK [2][-]{subsection.D.2}{\376\377\000E\000x\000e\000c\000u\000t\000i\000o\000n\000\040\000E\000n\000v\000i\000r\000o\000n\000m\000e\000n\000t}{appendix.D}% 88
\BOOKMARK [2][-]{subsection.D.3}{\376\377\000R\000e\000c\000o\000m\000m\000e\000n\000d\000e\000d\000\040\000V\000e\000r\000i\000f\000i\000c\000a\000t\000i\000o\000n\000\040\000S\000t\000e\000p\000s}{appendix.D}% 89
\BOOKMARK [1][-]{appendix.E}{\376\377\000S\000c\000i\000e\000n\000t\000i\000f\000i\000c\000\040\000I\000n\000t\000e\000r\000p\000r\000e\000t\000a\000t\000i\000o\000n\000\040\000a\000n\000d\000\040\000F\000u\000t\000u\000r\000e\000\040\000E\000x\000t\000e\000n\000s\000i\000o\000n}{}% 90
\BOOKMARK [2][-]{subsection.E.1}{\376\377\000S\000c\000i\000e\000n\000t\000i\000f\000i\000c\000\040\000M\000e\000a\000n\000i\000n\000g\000\040\000o\000f\000\040\000t\000h\000e\000\040\000F\000i\000n\000a\000l\000\040\000M\000o\000d\000e\000l}{appendix.E}% 91
\BOOKMARK [2][-]{subsection.E.2}{\376\377\000P\000a\000t\000h\000\040\000T\000o\000w\000a\000r\000d\000\040\000a\000\040\000G\000l\000o\000b\000a\000l\000\040\0003\0000\000\040\000k\000m\000\040\000I\000n\000v\000e\000r\000s\000i\000o\000n}{appendix.E}% 92
\BOOKMARK [2][-]{subsection.E.3}{\376\377\000P\000a\000t\000h\000\040\000T\000o\000w\000a\000r\000d\000\040\000Q\000u\000a\000n\000t\000u\000m\000-\000H\000a\000r\000d\000w\000a\000r\000e\000\040\000E\000x\000p\000e\000r\000i\000m\000e\000n\000t\000s}{appendix.E}% 93
